
> bhelviz-frontend@2.0.0 build
> vite build

[36mvite v5.4.21 [32mbuilding for production...[36m[39m
transforming...
[32mΓ£ô[39m 20 modules transformed.
node.exe : [31mx[39m Build failed in 462ms
At line:1 char:1
+ & "C:\Program Files\nodejs/node.exe" "C:\Program Files\nodejs/node_mo ...
+ ~~~~~~~~~~~~~~~~~~~~~~~~~~~~~~~~~~~~~~~~~~~~~~~~~~~~~~~~~~~~~~~~~~~~~
    + CategoryInfo          : NotSpecified: ([31mx[39m Build failed in 462ms:String) [], RemoteException
    + FullyQualifiedErrorId : NativeCommandError
 
[31merror during build:
[31m[vite:esbuild] Transform failed with 3 errors:
C:/Users/rajor/Downloads/BHELVIZ_FULL/BHELVIZ_FULL/frontend/src/components/OldDashboard.jsx:2:9: ERROR: The symbol 
"useState" has already been declared
C:/Users/rajor/Downloads/BHELVIZ_FULL/BHELVIZ_FULL/frontend/src/components/OldDashboard.jsx:2:19: ERROR: The symbol 
"useRef" has already been declared
C:/Users/rajor/Downloads/BHELVIZ_FULL/BHELVIZ_FULL/frontend/src/components/OldDashboard.jsx:2:27: ERROR: The symbol 
"useEffect" has already been declared[31m
file: [36mC:/Users/rajor/Downloads/BHELVIZ_FULL/BHELVIZ_FULL/frontend/src/components/OldDashboard.jsx:2:9[31m
[33m
[33mThe symbol "useState" has already been declared[33m
1  |  import React, { useState, useRef, useEffect } from 'react';
2  |  import { useState, useRef, useEffect } from "react";
   |           ^
3  |  import {
4  |    BarChart, Bar, PieChart, Pie, Cell,

[33mThe symbol "useRef" has already been declared[33m
1  |  import React, { useState, useRef, useEffect } from 'react';
2  |  import { useState, useRef, useEffect } from "react";
   |                     ^
3  |  import {
4  |    BarChart, Bar, PieChart, Pie, Cell,

[33mThe symbol "useEffect" has already been declared[33m
1  |  import React, { useState, useRef, useEffect } from 'react';
2  |  import { useState, useRef, useEffect } from "react";
   |                             ^
3  |  import {
4  |    BarChart, Bar, PieChart, Pie, Cell,
[31m
    at failureErrorWithLog 
(C:\Users\rajor\Downloads\BHELVIZ_FULL\BHELVIZ_FULL\frontend\node_modules\esbuild\lib\main.js:1472:15)
    at C:\Users\rajor\Downloads\BHELVIZ_FULL\BHELVIZ_FULL\frontend\node_modules\esbuild\lib\main.js:755:50
    at responseCallbacks.<computed> 
(C:\Users\rajor\Downloads\BHELVIZ_FULL\BHELVIZ_FULL\frontend\node_modules\esbuild\lib\main.js:622:9)
    at handleIncomingPacket 
(C:\Users\rajor\Downloads\BHELVIZ_FULL\BHELVIZ_FULL\frontend\node_modules\esbuild\lib\main.js:677:12)
    at Socket.readFromStdout 
(C:\Users\rajor\Downloads\BHELVIZ_FULL\BHELVIZ_FULL\frontend\node_modules\esbuild\lib\main.js:600:7)
    at Socket.emit (node:events:519:28)
    at addChunk (node:internal/streams/readable:561:12)
    at readableAddChunkPushByteMode (node:internal/streams/readable:512:3)
    at Readable.push (node:internal/streams/readable:392:5)
    at Pipe.onStreamRead (node:internal/stream_base_commons:189:23)[39m
